// Jest Snapshot v1, https://goo.gl/fbAQLP

exports[`ansi escapes 1`] = `
"<boldDim>Loading...</>
<eraseLine>
<moveCursorToColumn1>
<italicGreen>Success!</>"
`;
